   Compiling icn-net v0.1.0 (/home/matt/projects/icn/icn/crates/icn-net)
   Compiling icn-rpc v0.1.0 (/home/matt/projects/icn/icn/crates/icn-rpc)
   Compiling icn-gateway v0.1.0 (/home/matt/projects/icn/icn/crates/icn-gateway)
   Compiling icn-core v0.1.0 (/home/matt/projects/icn/icn/crates/icn-core)
   Compiling icn-testkit v0.1.0 (/home/matt/projects/icn/icn/crates/icn-testkit)
   Compiling icnctl v0.1.0 (/home/matt/projects/icn/icn/bins/icnctl)
   Compiling icn-federation v0.1.0 (/home/matt/projects/icn/icn/crates/icn-federation)
   Compiling icnd v0.1.0 (/home/matt/projects/icn/icn/bins/icnd)
    Finished `test` profile [unoptimized + debuginfo] target(s) in 1m 20s
     Running unittests src/lib.rs (target/debug/deps/icn_ccl-2225f1faa24e4786)

running 74 tests
test ast::tests::test_empty_contract_name ... ok
test ast::tests::test_empty_participants ... ok
test ast::tests::test_reserved_keyword_as_name ... ok
test ast::tests::test_duplicate_participants ... ok
test ast::tests::test_too_many_rules ... ok
test ast::tests::test_duplicate_state_var ... ok
test ast::tests::test_duplicate_rule_name ... ok
test ast::tests::test_shallow_expressions_accepted ... ok
test ast::tests::test_too_long_name ... ok
test charter_rules::tests::test_charter_rule_set_creation ... ok
test ast::tests::test_deep_field_access_chain ... ok
test ast::tests::test_deep_set_nesting ... ok
test ast::tests::test_deep_in_expression ... ok
test ast::tests::test_deep_map_nesting ... ok
test charter_rules::tests::test_validation_result ... ok
test charter_rules::tests::test_membership_trust_threshold ... ok
test ast::tests::test_valid_contract ... ok
test ast::tests::test_too_many_state_vars ... ok
test charter_validator::tests::test_add_transaction_rule ... ok
test charter_validator::tests::test_charter_validator_creation ... ok
test charter_validator::tests::test_has_failures ... ok
test charter_validator::tests::test_get_failure_reasons ... ok
test charter_validator::tests::test_validate_entry_basic ... ok
test charter_validator::tests::test_validate_entry_passes ... ok
test charter_validator::tests::test_create_hook ... ok
test ast::tests::test_too_many_participants ... ok
test disputes::tests::test_gossip_broadcast_on_file_dispute ... ok
test disputes::tests::test_conflict_of_interest_detection ... ok
test disputes::tests::test_dispute_stats ... ok
test disputes::tests::test_file_dispute ... ok
test disputes::tests::test_add_mediator_with_expertise ... ok
test disputes::tests::test_investigate_dispute_timeout ... ok
test disputes::tests::test_all_mediators_have_conflict ... ok
test disputes::tests::test_gossip_broadcast_on_dispute_resolved ... ok
test disputes::tests::test_investigate_dispute_both_wrong ... ok
test disputes::tests::test_investigate_dispute_executor_correct ... ok
test disputes::tests::test_mediator_management ... ok
test disputes::tests::test_no_broadcast_without_callback ... ok
test disputes::tests::test_no_penalty_when_executor_correct ... ok
test disputes::tests::test_mediator_below_trust_threshold ... ok
test example_contract_tests::test_calculator_contract_deserializes ... ok
test disputes::tests::test_penalty_disabled ... ok
test example_contract_tests::test_fuel_allocation_protocol_contract ... ok
test disputes::tests::test_trust_weighted_mediator_selection ... ok
test example_contract_tests::test_simple_agreement_contract_deserializes ... ok
test disputes::tests::test_mediator_workload_balancing ... ok
test interpreter::tests::test_fuel_consumption ... ok
test example_contract_tests::test_infrastructure_credit_protocol_contract ... ok
test interpreter::tests::test_comparison ... ok
test example_contract_tests::test_timebank_contract_deserializes ... ok
test interpreter::tests::test_simple_arithmetic ... ok
test disputes::tests::test_penalty_applied_on_submitter_correct_outcome ... ok
test messages::tests::test_empty_signature ... ok
test messages::tests::test_missing_signature ... ok
test messages::tests::test_oversized_signature ... ok
test messages::tests::test_extra_signer ... ok
test disputes::tests::test_repeat_offender_escalation ... ok
test registry::tests::test_deploy_and_get ... ok
test registry::tests::test_resolve_by_name ... ok
test registry::tests::test_duplicate_rejected ... ok
test registry::tests::test_list_by_owner ... ok
test registry::tests::test_version_auto_increment ... ok
test messages::tests::test_corrupted_deployer_signature ... ok
test messages::tests::test_wrong_keypair_signature ... ok
test messages::tests::test_too_many_signatures_dos ... ok
test messages::tests::test_deployer_signature_mismatch ... ok
test messages::tests::test_valid_deployment_passes_verification ... ok
test actor::tests::test_handle_deployment_message ... ok
test actor::tests::test_gossip_callback_invoked_on_deploy ... ok
test actor::tests::test_deploy_contract_without_trust_graph ... ok
test actor::tests::test_execute_rule_as_participant ... ok
test actor::tests::test_execute_rule_as_non_participant_fails ... ok
test actor::tests::test_list_contracts ... ok
test runtime::tests::test_contract_execution ... ok

test result: ok. 74 passed; 0 failed; 0 ignored; 0 measured; 0 filtered out; finished in 0.20s

     Running tests/contract_integration.rs (target/debug/deps/contract_integration-03af6d7dc6a56561)

running 31 tests
test test_contract_validation_no_participants_fails ... ok
test test_contract_validation_empty_name_fails ... ok
test test_create_simple_contract ... ok
test test_execute_rule_not_found ... ok
test test_create_contract_with_rule ... ok
test test_contract_validation_duplicate_rule_names_fails ... ok
test test_create_contract_with_precondition ... ok
test test_execute_arithmetic_rule ... ok
test test_execute_rule_with_precondition_pass ... ok
test test_comparison_operations ... ok
test test_execute_rule_with_precondition_fail ... ok
test test_contract_metadata_creation ... ok
test test_fuel_exhaustion ... ok
test test_fuel_consumed_during_execution ... ok
test test_get_nonexistent_contract ... ok
test test_deploy_contract_to_registry ... ok
test test_deploy_and_get_metadata ... ok
test test_deploy_duplicate_contract ... ok
test test_ledger_transfer_operation ... ok
test test_missing_capability_for_ledger_transfer ... ok
test test_resolve_by_name ... ok
test test_state_variable_initialization ... ok
test test_list_contracts_by_owner ... ok
test test_contract_json_roundtrip ... ok
test test_infrastructure_credit_update_rate_preconditions ... ok
test test_infrastructure_credit_calculate_credits ... ok
test test_infrastructure_credit_calculate_credits_edge_cases ... ok
test test_fuel_allocation_calculate_allowance ... ok
test test_fuel_allocation_minimum_guarantees ... ok
test test_fuel_allocation_update_cost_preconditions ... ok
test test_fuel_allocation_get_operation_cost ... ok

test result: ok. 31 passed; 0 failed; 0 ignored; 0 measured; 0 filtered out; finished in 0.01s

     Running tests/dispute_actor_integration.rs (target/debug/deps/dispute_actor_integration-c51363d0ce407639)

running 3 tests
test test_dispute_actor_mediator_management ... ok
test test_dispute_actor_concurrent_operations ... ok
test test_dispute_actor_file_and_investigate ... ok

test result: ok. 3 passed; 0 failed; 0 ignored; 0 measured; 0 filtered out; finished in 0.05s

     Running unittests src/lib.rs (target/debug/deps/icn_community-d8744195e74ecddf)

running 1 test
test store::tests::test_store_and_retrieve ... ok

test result: ok. 1 passed; 0 failed; 0 ignored; 0 measured; 0 filtered out; finished in 0.04s

     Running tests/integration.rs (target/debug/deps/integration-f05198f4a29971a4)

running 12 tests
test test_community_status ... ok
test test_community_types ... ok
test test_member_types ... ok
test test_community_lifecycle_formation ... ok
test test_community_activation ... ok
test test_community_creation ... ok
test test_membership_add_member ... ok
test test_membership_remove_member ... ok
test test_resource_allocation_struct ... ok
test test_resource_pool_allocation ... ok
test test_resource_manager ... ok
test test_resource_pool_creation ... ok

test result: ok. 12 passed; 0 failed; 0 ignored; 0 measured; 0 filtered out; finished in 0.00s

     Running tests/lifecycle_tests.rs (target/debug/deps/lifecycle_tests-55bac4dcdd761036)

running 6 tests
test test_community_types ... ok
test test_formation_requires_minimum_founders ... ok
test test_community_activation ... ok
test test_community_formation ... ok
test test_cannot_activate_already_active ... ok
test test_community_dissolution ... ok

test result: ok. 6 passed; 0 failed; 0 ignored; 0 measured; 0 filtered out; finished in 0.00s

     Running tests/membership_tests.rs (target/debug/deps/membership_tests-bbd02f8e73cd5f95)

running 7 tests
test test_member_application ... ok
test test_remove_nonexistent_member ... ok
test test_add_individual_member ... ok
test test_add_cooperative_member ... ok
test test_remove_member ... ok
test test_multiple_member_types ... ok
test test_member_voting_weights ... ok

test result: ok. 7 passed; 0 failed; 0 ignored; 0 measured; 0 filtered out; finished in 0.00s

     Running unittests src/lib.rs (target/debug/deps/icn_compute-f46b2d499c2e3e80)

running 139 tests
test actor::tests::test_results_match_both_success_different_data ... ok
test actor::tests::test_results_match_both_out_of_fuel ... ok
test actor::tests::test_results_match_both_success_same_data ... ok
test actor::tests::test_results_match_both_timeout ... ok
test actor::tests::test_outcome_to_value_failed ... ok
test actor::tests::test_outcome_to_value_out_of_fuel ... ok
test actor::tests::test_results_match_success_vs_failed ... ok
test actor::tests::test_outcome_to_value_success ... ok
test actor_model::tests::test_migration_decision_is_beneficial ... ok
test actor_model::tests::test_actor_mode_default ... ok
test actor_model::tests::test_migration_state_is_active ... ok
test actor_model::tests::test_actor_checkpoint_state_hash ... ok
test actor_model::tests::test_migration_state_target_executor ... ok
test actor_model::tests::test_checkpoint_signing_payload_deterministic ... ok
test actor_runtime::tests::test_cannot_pause_paused_actor ... ok
test actor::tests::test_locality_aware_placement_scoring ... ok
test actor_runtime::tests::test_migration_flow ... ok
test actor_runtime::tests::test_pause_resume ... ok
test actor_runtime::tests::test_count_by_state ... ok
test actor_runtime::tests::test_register_actor ... ok
test actor_runtime::tests::test_register_duplicate_fails ... ok
test actor_runtime::tests::test_queue_messages_when_paused ... ok
test actor_runtime::tests::test_restore_from_checkpoint ... ok
test actor_runtime::tests::test_terminate_and_cleanup ... ok
test actor_runtime::tests::test_update_state ... ok
test actor::tests::test_submit_low_trust_rejected ... ok
test actor::tests::test_submit_task ... ok
test checkpoint_store::tests::test_delete_checkpoint ... ok
test checkpoint_store::tests::test_count ... ok
test checkpoint_store::tests::test_cache_miss_loads_from_backend ... ok
test checkpoint_store::tests::test_next_sequence ... ok
test checkpoint_store::tests::test_store_and_retrieve ... ok
test checkpoint_store::tests::test_ignore_stale_checkpoint ... ok
test checkpoint_store::tests::test_list_actors ... ok
test checkpoint_store::tests::test_update_with_newer_checkpoint ... ok
test actor_model::tests::test_checkpoint_verification_fails_wrong_did ... ok
test actor_model::tests::test_checkpoint_signing_and_verification ... ok
test actor_model::tests::test_checkpoint_verification_fails_tampered_state ... ok
test executor::tests::test_capabilities_check ... ok
test executor::tests::test_deadline_exceeded ... ok
test executor::tests::test_local_executor_invalid_ccl ... ok
test dispute::tests::test_result_equivalence ... ok
test executor::tests::test_local_executor_success ... ok
test executor::tests::test_local_executor_with_args ... ok
test migration_manager::tests::test_cleanup_migrations ... ok
test migration_manager::tests::test_detect_timeouts_checkpointing ... ok
test migration_manager::tests::test_detect_timeouts_multiple_states ... ok
test migration_manager::tests::test_detect_timeouts_requesting ... ok
test migration_manager::tests::test_detect_timeouts_restoring ... ok
test migration_manager::tests::test_evaluate_migration ... ok
test migration_manager::tests::test_detect_timeouts_transferring ... ok
test actor::tests::test_executor_tracking ... ok
test migration_manager::tests::test_initiate_migration ... ok
test migration_policy::tests::test_default_policy_migrate_on_overload ... ok
test migration_policy::tests::test_default_policy_no_migration_under_threshold ... ok
test migration_policy::tests::test_default_policy_respects_min_trust ... ok
test migration_policy::tests::test_locality_first_policy ... ok
test migration_policy::tests::test_network_state_data_locality_ratio ... ok
test migration_policy::tests::test_should_accept_migration ... ok
test policy::tests::test_data_sovereignty_constraint ... ok
test policy::tests::test_executor_filter_constraint ... ok
test policy::tests::test_member_priority_multiplier ... ok
test dispute::tests::test_result_signature ... ok
test policy::tests::test_permissive_mode_allows_violations ... ok
test policy::tests::test_policy_manager_no_policy ... ok
test policy::tests::test_quota_concurrent_tasks_exceeded ... ok
test policy::tests::test_policy_lifecycle_integration ... ok
test policy::tests::test_quota_cpu_hours_exceeded ... ok
test policy::tests::test_quota_priority_exceeded ... ok
test checkpoint_store::tests::test_verify_checkpoint ... ok
test policy::tests::test_usage_tracker_cpu_hours ... ok
test policy::tests::test_usage_tracker_concurrent_tasks ... ok
test scheduler::tests::test_gpu_capacity_matching ... ok
test scheduler::tests::test_default_placement_policy ... ok
test scheduler::tests::test_locality_context_data_locality_ratio ... ok
test scheduler::tests::test_node_capacity_can_fit ... ok
test scheduler::tests::test_node_capacity_reserve_release ... ok
test scheduler::tests::test_resource_profile_minimal ... ok
test scheduler::tests::test_resource_profile_validation ... ok
test migration_manager::tests::test_handle_migration_request_reject ... ok
test migration_manager::tests::test_handle_migration_request_accept ... ok
test task::tests::test_cancel_claimed_task ... ok
test task::tests::test_cancel_pending_task ... ok
test task::tests::test_cancel_nonexistent_task ... ok
test task::tests::test_cannot_cancel_completed_task ... ok
test task::tests::test_cancel_wrong_submitter ... ok
test task::tests::test_cleanup_includes_cancelled ... ok
test task::tests::test_claim_task ... ok
test task::tests::test_submit_and_get ... ok
test task::tests::test_complete_task ... ok
test dispute::tests::test_arbiter_assignment ... ok
test task::tests::test_double_claim_fails ... ok
test task::tests::test_pending_count ... ok
test dispute::tests::test_dispute_no_conflict ... ok
test tests::test_topics_have_correct_prefix ... ok
test types::tests::test_fuel_limit_default ... ok
test dispute::tests::test_dispute_initiation ... ok
test types::tests::test_result_signing_payload_deterministic ... ok
test types::tests::test_validate_empty_ccl ... ok
test types::tests::test_task_hash_deterministic ... ok
test types::tests::test_message_serialization ... ok
test types::tests::test_validate_empty_id ... ok
test types::tests::test_validate_fuel_too_high ... ok
test types::tests::test_validate_fuel_too_low ... ok
test types::tests::test_validate_id_too_long ... ok
test types::tests::test_validate_invalid_did ... ok
test types::tests::test_validate_input_too_large ... ok
test types::tests::test_validate_payment_rate_too_high ... ok
test types::tests::test_validate_no_capabilities ... ok
test types::tests::test_validate_valid_task ... ok
test wasm_executor::tests::test_wasm_disabled_message ... ok
test wasm_executor::tests::test_wasm_executor_ccl_fallback ... ok
test wasm_executor::tests::test_wasm_executor_creation ... ok
test wasm_executor::tests::test_wasm_ref_without_registry ... ok
test wasm_registry::tests::test_compute_hash ... ok
test wasm_executor::tests::test_wasm_ref_not_found_in_registry ... ok
test wasm_executor::tests::test_wasm_ref_with_registry ... ok
test wasm_registry::tests::test_deploy_and_get ... ok
test wasm_registry::tests::test_duplicate_rejected ... ok
test wasm_registry::tests::test_get_metadata ... ok
test wasm_registry::tests::test_exists ... ok
test wasm_registry::tests::test_not_found ... ok
test wasm_registry::tests::test_invalid_wasm_rejected ... ok
test wasm_registry::tests::test_list_by_owner ... ok
test wasm_registry::tests::test_validate_wasm ... ok
test wasm_registry::tests::test_stats ... ok
test types::tests::test_validate_ccl_too_large ... ok
test dispute::tests::test_consensus_resolution ... ok
test types::tests::test_result_signature_verification_fails_tampered ... ok
test types::tests::test_result_signing_and_verification ... ok
test types::tests::test_result_signature_verification_fails_wrong_did ... ok
test checkpoint_store::tests::test_sled_backend_store_retrieve ... ok
test wasm_registry::tests::test_persistent_storage ... ok
test checkpoint_store::tests::test_sled_backend_list_and_delete ... ok
test actor::tests::test_gossip_message_handling ... ok
test actor::tests::test_consensus_single_result ... ok
test actor::tests::test_actor_migration_integration ... ok
test actor::tests::test_priority_based_claiming ... ok
test actor::tests::test_placement_negotiation_multi_executor ... ok

test result: ok. 139 passed; 0 failed; 0 ignored; 0 measured; 0 filtered out; finished in 1.26s

     Running tests/compute_integration.rs (target/debug/deps/compute_integration-f96aa0e76c0b8ffd)

running 17 tests
test test_local_executor_capability_check ... ok
test test_checkpoint_store_basic ... ok
test test_actor_registry_state_updates ... ok
test test_actor_registry_message_queueing ... ok
test test_actor_registry_migration_flow ... ok
test test_actor_registry_restore_from_checkpoint ... ok
test test_actor_registry_lifecycle ... ok
test test_checkpoint_store_update ... ok
test test_checkpoint_store_list_actors ... ok
test test_concurrent_actor_operations ... ok
test test_compute_actor_trust_gating ... ok
test test_local_executor_ccl_execution ... ok
test test_local_executor_ccl_with_calculator ... ok
test test_compute_actor_task_submission ... ok
test test_e2e_checkpoint_and_restore ... ok
test test_checkpoint_store_concurrent_access ... ok
test test_e2e_task_lifecycle ... ok

test result: ok. 17 passed; 0 failed; 0 ignored; 0 measured; 0 filtered out; finished in 0.11s

     Running unittests src/main.rs (target/debug/deps/icn_console-ca1f768d8be303df)

running 0 tests

test result: ok. 0 passed; 0 failed; 0 ignored; 0 measured; 0 filtered out; finished in 0.00s

     Running unittests src/lib.rs (target/debug/deps/icn_coop-e048000d18edc65c)

running 2 tests
test store::tests::test_member_storage ... ok
test store::tests::test_coop_storage ... ok

test result: ok. 2 passed; 0 failed; 0 ignored; 0 measured; 0 filtered out; finished in 0.05s

     Running unittests src/lib.rs (target/debug/deps/icn_cooperative-f6d90b7964ade8e6)

running 7 tests
test lifecycle::tests::test_insufficient_founders ... ok
test lifecycle::tests::test_formation_lifecycle ... ok
test membership::tests::test_add_member ... ok
test membership::tests::test_profit_share_calculation ... ok
test membership::tests::test_remove_member ... ok
test store::tests::test_store_and_retrieve ... ok
test store::tests::test_query_by_status ... ok

test result: ok. 7 passed; 0 failed; 0 ignored; 0 measured; 0 filtered out; finished in 0.06s

     Running tests/integration.rs (target/debug/deps/integration-913dd706b55ebb11)

running 10 tests
test test_cooperative_types ... ok
test test_formation_requires_minimum_founders ... ok
test test_membership_add_member ... ok
test test_membership_remove_member ... ok
test test_cooperative_formation ... ok
test test_profit_share_calculation ... ok
test test_cooperative_activation ... ok
test test_cooperative_dissolution ... ok
test test_cooperative_query_by_status ... ok
test test_cooperative_store ... ok

test result: ok. 10 passed; 0 failed; 0 ignored; 0 measured; 0 filtered out; finished in 0.06s

     Running unittests src/lib.rs (target/debug/deps/icn_core-efd60d95b273ef99)

running 87 tests
test anti_entropy::tests::test_custom_config ... ok
test anti_entropy::tests::test_default_config ... ok
test config::tests::test_federation_config_defaults ... ok
test config::tests::test_gateway_config_defaults ... ok
test config::tests::test_federation_config_serialization ... ok
test config::tests::test_gateway_config_serialization ... ok
test config::tests::test_rate_limiting_config_conversion ... ok
test config::tests::test_partial_federation_config ... ok
test config::tests::test_partial_rate_limiting_config ... ok
test config::tests::test_steward_config_conversion ... ok
test dead_letter::tests::test_audit_trail_failure_helper ... ok
test config::tests::test_steward_config_defaults ... ok
test config::tests::test_config_with_gateway ... ok
test config::tests::test_steward_config_serialization ... ok
test config::tests::test_config_with_federation ... ok
test events::tests::test_event_bus_subscribe_and_emit ... ok
test config::tests::test_min_trust_threshold_config ... ok
test config::tests::test_config_serialization ... ok
test events::tests::test_event_bus_multiple_subscribers ... ok
test events::tests::test_event_bus_unsubscribe_on_drop ... ok
test config::tests::test_config_with_steward ... ok
test events::tests::test_event_bus_clone ... ok
test node::tests::test_can_execute_gpu_requires_active ... ok
test node::tests::test_capability_merge ... ok
test node::tests::test_capability_verification ... ok
test node::tests::test_extended_capabilities_basic ... ok
test node::tests::test_extended_capabilities_prefix_query ... ok
test node::tests::test_can_execute_requires_active_stage ... ok
test node::tests::test_disallowed_roles_respected ... ok
test node::tests::test_kiosk_policy ... ok
test node::tests::test_gpu_role_insufficient_vram ... ok
test node::tests::test_gpu_role_requires_opt_in ... ok
test node::tests::test_gpu_role_with_opt_in ... ok
test node::tests::test_lifecycle_transitions ... ok
test node::tests::test_new_profile_starts_sensing ... ok
test node::tests::test_role_inference_archive_requires_trust ... ok
test node::tests::test_role_inference_ccl ... ok
test node::tests::test_role_inference_wasm ... ok
test config::tests::test_repository_config_files ... ok
test node::tests::test_role_inference_replica_holder ... ok
test policy::tests::test_for_trust_class ... ok
test policy::tests::test_policy_federated ... ok
test policy::tests::test_policy_known ... ok
test policy::tests::test_topic_access_empty_list ... ok
test policy::tests::test_policy_partner ... ok
test policy::tests::test_policy_isolated ... ok
test policy::tests::test_topic_access_restricted ... ok
test supervisor::background_tasks::tests::test_clock_sync_config_default ... ok
test supervisor::background_tasks::tests::test_metrics_config_default ... ok
test replication::manager::tests::test_replication_config_default ... ok
test dead_letter::tests::test_remove ... ok
test identity::tests::test_identity_actor_get_did ... ok
test policy::tests::test_default_policy_source_known ... ok
test dead_letter::tests::test_get_retryable ... ok
test policy::tests::test_default_policy_source_isolated ... ok
test replication::manager::tests::test_manager_creation ... ok
test supervisor::tests::test_parse_bootstrap_peer_ipv4 ... ok
test dead_letter::tests::test_update_status ... ok
test dead_letter::tests::test_enqueue_and_get ... ok
test supervisor::tests::test_parse_bootstrap_peer_invalid_port ... ok
test dead_letter::tests::test_list_pending ... ok
test identity::tests::test_identity_actor_sign ... ok
test supervisor::tests::test_parse_bootstrap_peer_missing_at ... ok
test supervisor::tests::test_parse_bootstrap_peer_valid ... ok
test supervisor::version_tracker::tests::test_pending_upgrade ... ok
test supervisor::tests::test_parse_bootstrap_peer_missing_prefix ... ok
test supervisor::version_tracker::tests::test_version_tracker_basic ... ok
test dead_letter::tests::test_retry_tracking ... ok
test supervisor::version_tracker::tests::test_record_peer_versions ... ok
test supervisor::version_tracker::tests::test_version_stats ... ok
test trust_propagation::tests::test_rate_limiter_allows_burst ... ok
test replication::manager::tests::test_select_replica_candidates_filters_existing ... ok
test replication::manager::tests::test_replica_health_update ... ok
test identity::tests::test_identity_actor_trust_operations ... ok
test trust_propagation::tests::test_rate_limiter_different_issuers_independent ... ok
test upgrade::tests::test_adoption_stats ... ok
test upgrade::tests::test_upgrade_registration ... ok
test upgrade::tests::test_version_acceptance ... ok
test supervisor::version_tracker::tests::test_peers_below_version ... ok
test upgrade::tests::test_version_tracking ... ok
test upgrade_actor::tests::test_upgrade_status_serialization ... ok
test trust_propagation::tests::test_rate_limiter_per_target_limit ... ok
test supervisor::init_trust::tests::test_trust_services_init ... ok
test supervisor::init_trust::tests::test_trust_lookup_creation ... ok
test trust_propagation::tests::test_broadcast_and_handle_attestation ... ok
test trust_propagation::tests::test_rate_limiter_cleanup ... ok
test trust_propagation::tests::test_rate_limiter_refills_over_time ... ok

test result: ok. 87 passed; 0 failed; 0 ignored; 0 measured; 0 filtered out; finished in 1.09s

     Running tests/byzantine_integration.rs (target/debug/deps/byzantine_integration-06d50c5dc41dc875)

running 8 tests
test test_reputation_recovery_via_decay ... ok
test test_unauthorized_subscription_violation ... ok
test test_replay_attack_detection ... ok
test test_critical_violation_auto_ban ... ok
test test_detector_statistics ... ok
test test_multi_node_byzantine_isolation ... ok
test test_quarantine_threshold_enforcement ... ok
test test_acl_violation_rate_limit_quarantine ... ok

test result: ok. 8 passed; 0 failed; 0 ignored; 0 measured; 0 filtered out; finished in 0.87s

     Running tests/charter_enforcement_integration.rs (target/debug/deps/charter_enforcement_integration-70d2d99ba7a2dccc)

running 8 tests
test test_add_custom_charter_rule ... ok
test test_charter_validator_create_hook ... ok
test test_charter_validator_detailed_results ... ok
test test_charter_validator_passes_with_default_rules ... ok
test test_charter_validator_with_multiple_deltas ... ok
test test_charter_validator_hook_integration ... ok
test test_charter_validator_allows_valid_transaction ... ok
test test_charter_validator_quarantines_violations ... ok

test result: ok. 8 passed; 0 failed; 0 ignored; 0 measured; 0 filtered out; finished in 0.04s

     Running tests/contract_deployment_integration.rs (target/debug/deps/contract_deployment_integration-8e6638409ab87851)

running 7 tests
test test_untrusted_deployer_rejected ... ok
test test_large_contract_near_limits ... ok
test test_two_node_contract_deployment ... ok
test test_contract_execution_after_deployment ... ok
test test_contract_with_state_variables ... ok
test test_contract_with_ledger_integration ... ok
test test_three_participant_contract_deployment ... ok

test result: ok. 7 passed; 0 failed; 0 ignored; 0 measured; 0 filtered out; finished in 7.00s

     Running tests/federation_bridge_integration.rs (target/debug/deps/federation_bridge_integration-e5dd4133a5ab15e1)

running 7 tests
test test_cross_federation_trust_attestation ... ok
test test_federation_policy_enforcement ... ok
test test_federation_gossip_coordination ... ok
test test_bridge_node_connects_federations ... ok
test test_trust_graph_across_federations ... ok
test test_two_federation_topology ... ok
test test_multi_hop_federation_path ... ok

test result: ok. 7 passed; 0 failed; 0 ignored; 0 measured; 0 filtered out; finished in 0.13s

     Running tests/gossip_pull_protocol_integration.rs (target/debug/deps/gossip_pull_protocol_integration-475811400da34e7d)

running 2 tests
test test_pull_request_respects_backpressure ... ignored
test test_two_node_convergence_via_pull_protocol ... ignored

test result: ok. 0 passed; 0 failed; 2 ignored; 0 measured; 0 filtered out; finished in 0.00s

     Running tests/governance_integration.rs (target/debug/deps/governance_integration-d079200400384958)

running 1 test
test test_governance_proposal_lifecycle ... ignored

test result: ok. 0 passed; 0 failed; 1 ignored; 0 measured; 0 filtered out; finished in 0.00s

     Running tests/governance_ledger_idempotency.rs (target/debug/deps/governance_ledger_idempotency-fb02ee36149d44ae)

running 1 test
test test_duplicate_proposal_event_is_idempotent ... ok

test result: ok. 1 passed; 0 failed; 0 ignored; 0 measured; 0 filtered out; finished in 0.44s

     Running tests/governance_ledger_integration.rs (target/debug/deps/governance_ledger_integration-cb443616cc1a6c2e)

running 2 tests
test test_rejected_proposal_does_not_execute ... ok
test test_budget_proposal_executes_ledger_transaction ... ok

test result: ok. 2 passed; 0 failed; 0 ignored; 0 measured; 0 filtered out; finished in 0.54s

     Running tests/governance_policy_integration.rs (target/debug/deps/governance_policy_integration-0967b64b9cf2a351)

running 2 tests
test test_invalid_policy_json_handling ... ok
test test_scheduling_policy_proposal_execution ... ok

test result: ok. 2 passed; 0 failed; 0 ignored; 0 measured; 0 filtered out; finished in 0.84s

     Running tests/graceful_restart_integration.rs (target/debug/deps/graceful_restart_integration-93a1c5c7e2c36f4e)

running 2 tests
test test_x25519_keys_persist_across_restart ... ignored
test test_graceful_restart_preserves_state ... ok

test result: ok. 1 passed; 0 failed; 1 ignored; 0 measured; 0 filtered out; finished in 0.31s

     Running tests/graceful_restart_stress.rs (target/debug/deps/graceful_restart_stress-cdf2945df011cd25)

running 3 tests
test test_high_message_volume_restart ... ignored
test test_many_peers_restart ... ignored
test test_multi_topic_high_subscription_restart ... ignored

test result: ok. 0 passed; 0 failed; 3 ignored; 0 measured; 0 filtered out; finished in 0.00s

     Running tests/multi_node_gossip_convergence.rs (target/debug/deps/multi_node_gossip_convergence-88ed5fb8d237d3f2)

running 2 tests
test test_response_handler_enforces_max_entries_across_nodes ... ignored
test test_response_handler_triggers_notifications_across_nodes ... ignored

test result: ok. 0 passed; 0 failed; 2 ignored; 0 measured; 0 filtered out; finished in 0.00s

     Running tests/network_gossip_integration.rs (target/debug/deps/network_gossip_integration-f6080716f1ae1251)

running 2 tests
test test_broadcast_to_multiple_peers ... ignored
test test_two_node_gossip_flow ... ignored

test result: ok. 0 passed; 0 failed; 2 ignored; 0 measured; 0 filtered out; finished in 0.00s

     Running tests/partition_integration.rs (target/debug/deps/partition_integration-0d6ab7c961ff8136)

running 5 tests
test test_partition_healer_conflict_resolution ... ok
test test_vector_clock_merge_on_partition_heal ... ok
test test_partition_heal_request_response ... ok
test test_partition_detection_basic ... ok
test test_partition_detector_multiple_peers ... ok

test result: ok. 5 passed; 0 failed; 0 ignored; 0 measured; 0 filtered out; finished in 0.15s

     Running tests/recovery_integration.rs (target/debug/deps/recovery_integration-13917fd020079db6)

running 1 test
test test_full_recovery_flow ... ok

test result: ok. 1 passed; 0 failed; 0 ignored; 0 measured; 0 filtered out; finished in 7.42s

     Running tests/replication_integration.rs (target/debug/deps/replication_integration-ae7acdc9a14922d3)

running 5 tests
test test_replication_config_customization ... ok
test test_no_suitable_candidates ... ok
test test_trust_weighted_selection ... ok
test test_health_status_transitions ... ok
test test_two_node_replication_request ... ok

test result: ok. 5 passed; 0 failed; 0 ignored; 0 measured; 0 filtered out; finished in 0.15s

     Running tests/sdis_multi_node_integration.rs (target/debug/deps/sdis_multi_node_integration-a15a9988cb80f07b)

running 6 tests
test test_steward_stats_tracking ... ok
test test_steward_actor_initialization ... ok
test test_recovery_attestation_creation ... ok
test test_steward_gossip_coordination ... ok
test test_multi_steward_network ... ok
test test_steward_trust_based_selection ... ok

test result: ok. 6 passed; 0 failed; 0 ignored; 0 measured; 0 filtered out; finished in 0.06s

     Running tests/snapshot_coordination_integration.rs (target/debug/deps/snapshot_coordination_integration-85b22f48ddc994c3)

running 4 tests
test test_insufficient_participants ... ok
test test_snapshot_marker_convergence ... ok
test test_snapshot_active_and_completed_counts ... ok
test test_three_node_snapshot_coordination ... ok

test result: ok. 4 passed; 0 failed; 0 ignored; 0 measured; 0 filtered out; finished in 0.11s

     Running tests/subscription_integration.rs (target/debug/deps/subscription_integration-e26969e9bda12c62)

running 2 tests
test test_subscription_end_to_end ... ignored
test test_subscription_acl_enforcement ... ok

test result: ok. 1 passed; 0 failed; 1 ignored; 0 measured; 0 filtered out; finished in 0.00s

     Running tests/topology_integration.rs (target/debug/deps/topology_integration-3c6bd51afc74e2ba)

running 6 tests
test test_regional_categorization ... ok
test test_local_cluster_categorization ... ok
test test_backbone_categorization ... ok
[2m2025-12-18T21:10:35.647986Z[0m [31mERROR[0m [2mmdns_sd::service_daemon[0m[2m:[0m Failed to send SearchStarted(_icn._udp.local.)(repeating:false): sending on a closed channel
[2m2025-12-18T21:10:35.698932Z[0m [31mERROR[0m [2mmdns_sd::service_daemon[0m[2m:[0m Failed to send SearchStarted(_icn._udp.local.)(repeating:false): sending on a closed channel
[2m2025-12-18T21:10:35.713144Z[0m [31mERROR[0m [2mmdns_sd::service_daemon[0m[2m:[0m Failed to send SearchStarted(_icn._udp.local.)(repeating:false): sending on a closed channel
[2m2025-12-18T21:10:35.842322Z[0m [31mERROR[0m [2mmdns_sd::service_daemon[0m[2m:[0m Failed to send SearchStarted(_icn._udp.local.)(repeating:true): sending on a closed channel
[2m2025-12-18T21:10:35.905077Z[0m [31mERROR[0m [2mmdns_sd::service_daemon[0m[2m:[0m Failed to send SearchStarted(_icn._udp.local.)(repeating:true): sending on a closed channel
[2m2025-12-18T21:10:35.925045Z[0m [31mERROR[0m [2mmdns_sd::service_daemon[0m[2m:[0m Failed to send SearchStarted(_icn._udp.local.)(repeating:true): sending on a closed channel
test test_neighbor_set_lru_eviction ... ok
test test_scope_aware_peer_sampling ... ok
[2m2025-12-18T21:10:36.698325Z[0m [31mERROR[0m [2mmdns_sd::service_daemon[0m[2m:[0m Failed to send SearchStarted(_icn._udp.local.)(repeating:true): sending on a closed channel
[2m2025-12-18T21:10:37.056040Z[0m [31mERROR[0m [2mmdns_sd::service_daemon[0m[2m:[0m Failed to send SearchStarted(_icn._udp.local.)(repeating:true): sending on a closed channel
[2m2025-12-18T21:10:37.077673Z[0m [31mERROR[0m [2mmdns_sd::service_daemon[0m[2m:[0m Failed to send SearchStarted(_icn._udp.local.)(repeating:true): sending on a closed channel
[2m2025-12-18T21:10:37.222387Z[0m [31mERROR[0m [2mmdns_sd::service_daemon[0m[2m:[0m Failed to send SearchStarted(_icn._udp.local.)(repeating:true): sending on a closed channel
[2m2025-12-18T21:10:37.231303Z[0m [31mERROR[0m [2mmdns_sd::service_daemon[0m[2m:[0m Failed to send SearchStarted(_icn._udp.local.)(repeating:true): sending on a closed channel
[2m2025-12-18T21:10:37.801923Z[0m [31mERROR[0m [2mmdns_sd::service_daemon[0m[2m:[0m Failed to send SearchStarted(_icn._udp.local.)(repeating:true): sending on a closed channel
[2m2025-12-18T21:10:38.549169Z[0m [31mERROR[0m [2mmdns_sd::service_daemon[0m[2m:[0m Failed to send SearchStarted(_icn._udp.local.)(repeating:true): sending on a closed channel
[2m2025-12-18T21:10:38.656055Z[0m [31mERROR[0m [2mmdns_sd::service_daemon[0m[2m:[0m Failed to send SearchStarted(_icn._udp.local.)(repeating:true): sending on a closed channel
test test_multi_region_topology ... FAILED

failures:

---- test_multi_region_topology stdout ----

thread 'test_multi_region_topology' panicked at crates/icn-core/tests/topology_integration.rs:393:5:
assertion `left == right` failed: Node A should have 1 local cluster peer (node_b)
  left: 0
 right: 1
note: run with `RUST_BACKTRACE=1` environment variable to display a backtrace


failures:
    test_multi_region_topology

test result: FAILED. 5 passed; 1 failed; 0 ignored; 0 measured; 0 filtered out; finished in 24.10s

error: test failed, to rerun pass `-p icn-core --test topology_integration`
